[27-Jul-2023 20:06:52 Asia/Tokyo] run index.php\n
[27-Jul-2023 20:08:27 Asia/Tokyo] run index.php\n
[27-Jul-2023 20:09:13 Asia/Tokyo] run index.php\n
[27-Jul-2023 20:10:38 Asia/Tokyo] run index.php\n
[27-Jul-2023 20:11:30 Asia/Tokyo] run index.php\n
[27-Jul-2023 20:12:09 Asia/Tokyo] run index.php\n
[27-Jul-2023 20:12:40 Asia/Tokyo] run index.php\n
[27-Jul-2023 20:14:50 Asia/Tokyo] 0
[27-Jul-2023 20:15:26 Asia/Tokyo] 0
[27-Jul-2023 20:15:36 Asia/Tokyo] run index.php\n
[27-Jul-2023 20:16:11 Asia/Tokyo] run index.php\n
[27-Jul-2023 20:16:28 Asia/Tokyo] 0
[27-Jul-2023 20:18:34 Asia/Tokyo] 0
[27-Jul-2023 20:18:48 Asia/Tokyo] 0
[27-Jul-2023 20:19:01 Asia/Tokyo] 0
[27-Jul-2023 20:22:45 Asia/Tokyo] 0
[27-Jul-2023 20:24:22 Asia/Tokyo] 0
[27-Jul-2023 20:26:55 Asia/Tokyo] 0
